// Jest Snapshot v1, https://goo.gl/fbAQLP

exports[`<Calculator /> should match the snaphost 1`] = `
ShallowWrapper {
  Symbol(enzyme.__root__): [Circular],
  Symbol(enzyme.__unrendered__): <Calculator />,
  Symbol(enzyme.__renderer__): Object {
    "batchedUpdates": [Function],
    "getNode": [Function],
    "render": [Function],
    "simulateError": [Function],
    "simulateEvent": [Function],
    "unmount": [Function],
  },
  Symbol(enzyme.__node__): Object {
    "instance": null,
    "key": undefined,
    "nodeType": "host",
    "props": Object {
      "children": Array [
        <CalcInput
          buffer=""
          onChange={[Function]}
          total={undefined}
/>,
        <div>
          <CalcButtonArray
                    defaultHandler={[Function]}
                    keyPrefix="calc-0"
                    symbols={
                              Array [
                                        Object {
                                          "text": "C",
                                        },
                                        Object {
                                          "text": "/",
                                        },
                                        Object {
                                          "text": "X",
                                        },
                                        Object {
                                          "text": "DEL",
                                        },
                                      ]
                    }
          />
          <CalcButtonArray
                    defaultHandler={[Function]}
                    keyPrefix="calc-1"
                    symbols={
                              Array [
                                        Object {
                                          "text": "7",
                                        },
                                        Object {
                                          "text": "8",
                                        },
                                        Object {
                                          "text": "9",
                                        },
                                        Object {
                                          "text": "-",
                                        },
                                      ]
                    }
          />
          <CalcButtonArray
                    defaultHandler={[Function]}
                    keyPrefix="calc-2"
                    symbols={
                              Array [
                                        Object {
                                          "text": "4",
                                        },
                                        Object {
                                          "text": "5",
                                        },
                                        Object {
                                          "text": "6",
                                        },
                                        Object {
                                          "text": "+",
                                        },
                                      ]
                    }
          />
          <CalcButtonArray
                    defaultHandler={[Function]}
                    keyPrefix="calc-3"
                    symbols={
                              Array [
                                        Object {
                                          "text": "1",
                                        },
                                        Object {
                                          "text": "2",
                                        },
                                        Object {
                                          "text": "3",
                                        },
                                        Object {
                                          "text": "=",
                                        },
                                      ]
                    }
          />
          <CalcButtonArray
                    defaultHandler={[Function]}
                    keyPrefix="calc-4"
                    symbols={
                              Array [
                                        Object {
                                          "text": "%",
                                        },
                                        Object {
                                          "text": "0",
                                        },
                                        Object {
                                          "text": ".",
                                        },
                                        Object {
                                          "text": "√",
                                        },
                                      ]
                    }
          />
</div>,
      ],
    },
    "ref": null,
    "rendered": Array [
      Object {
        "instance": null,
        "key": undefined,
        "nodeType": "function",
        "props": Object {
          "buffer": "",
          "onChange": [Function],
          "total": undefined,
        },
        "ref": null,
        "rendered": null,
        "type": [Function],
      },
      Object {
        "instance": null,
        "key": undefined,
        "nodeType": "host",
        "props": Object {
          "children": Array [
            <CalcButtonArray
              defaultHandler={[Function]}
              keyPrefix="calc-0"
              symbols={
                            Array [
                                          Object {
                                            "text": "C",
                                          },
                                          Object {
                                            "text": "/",
                                          },
                                          Object {
                                            "text": "X",
                                          },
                                          Object {
                                            "text": "DEL",
                                          },
                                        ]
              }
/>,
            <CalcButtonArray
              defaultHandler={[Function]}
              keyPrefix="calc-1"
              symbols={
                            Array [
                                          Object {
                                            "text": "7",
                                          },
                                          Object {
                                            "text": "8",
                                          },
                                          Object {
                                            "text": "9",
                                          },
                                          Object {
                                            "text": "-",
                                          },
                                        ]
              }
/>,
            <CalcButtonArray
              defaultHandler={[Function]}
              keyPrefix="calc-2"
              symbols={
                            Array [
                                          Object {
                                            "text": "4",
                                          },
                                          Object {
                                            "text": "5",
                                          },
                                          Object {
                                            "text": "6",
                                          },
                                          Object {
                                            "text": "+",
                                          },
                                        ]
              }
/>,
            <CalcButtonArray
              defaultHandler={[Function]}
              keyPrefix="calc-3"
              symbols={
                            Array [
                                          Object {
                                            "text": "1",
                                          },
                                          Object {
                                            "text": "2",
                                          },
                                          Object {
                                            "text": "3",
                                          },
                                          Object {
                                            "text": "=",
                                          },
                                        ]
              }
/>,
            <CalcButtonArray
              defaultHandler={[Function]}
              keyPrefix="calc-4"
              symbols={
                            Array [
                                          Object {
                                            "text": "%",
                                          },
                                          Object {
                                            "text": "0",
                                          },
                                          Object {
                                            "text": ".",
                                          },
                                          Object {
                                            "text": "√",
                                          },
                                        ]
              }
/>,
          ],
        },
        "ref": null,
        "rendered": Array [
          Object {
            "instance": null,
            "key": undefined,
            "nodeType": "function",
            "props": Object {
              "defaultHandler": [Function],
              "keyPrefix": "calc-0",
              "symbols": Array [
                Object {
                  "text": "C",
                },
                Object {
                  "text": "/",
                },
                Object {
                  "text": "X",
                },
                Object {
                  "text": "DEL",
                },
              ],
            },
            "ref": null,
            "rendered": null,
            "type": [Function],
          },
          Object {
            "instance": null,
            "key": undefined,
            "nodeType": "function",
            "props": Object {
              "defaultHandler": [Function],
              "keyPrefix": "calc-1",
              "symbols": Array [
                Object {
                  "text": "7",
                },
                Object {
                  "text": "8",
                },
                Object {
                  "text": "9",
                },
                Object {
                  "text": "-",
                },
              ],
            },
            "ref": null,
            "rendered": null,
            "type": [Function],
          },
          Object {
            "instance": null,
            "key": undefined,
            "nodeType": "function",
            "props": Object {
              "defaultHandler": [Function],
              "keyPrefix": "calc-2",
              "symbols": Array [
                Object {
                  "text": "4",
                },
                Object {
                  "text": "5",
                },
                Object {
                  "text": "6",
                },
                Object {
                  "text": "+",
                },
              ],
            },
            "ref": null,
            "rendered": null,
            "type": [Function],
          },
          Object {
            "instance": null,
            "key": undefined,
            "nodeType": "function",
            "props": Object {
              "defaultHandler": [Function],
              "keyPrefix": "calc-3",
              "symbols": Array [
                Object {
                  "text": "1",
                },
                Object {
                  "text": "2",
                },
                Object {
                  "text": "3",
                },
                Object {
                  "text": "=",
                },
              ],
            },
            "ref": null,
            "rendered": null,
            "type": [Function],
          },
          Object {
            "instance": null,
            "key": undefined,
            "nodeType": "function",
            "props": Object {
              "defaultHandler": [Function],
              "keyPrefix": "calc-4",
              "symbols": Array [
                Object {
                  "text": "%",
                },
                Object {
                  "text": "0",
                },
                Object {
                  "text": ".",
                },
                Object {
                  "text": "√",
                },
              ],
            },
            "ref": null,
            "rendered": null,
            "type": [Function],
          },
        ],
        "type": "div",
      },
    ],
    "type": "div",
  },
  Symbol(enzyme.__nodes__): Array [
    Object {
      "instance": null,
      "key": undefined,
      "nodeType": "host",
      "props": Object {
        "children": Array [
          <CalcInput
            buffer=""
            onChange={[Function]}
            total={undefined}
/>,
          <div>
            <CalcButtonArray
                        defaultHandler={[Function]}
                        keyPrefix="calc-0"
                        symbols={
                                    Array [
                                                Object {
                                                  "text": "C",
                                                },
                                                Object {
                                                  "text": "/",
                                                },
                                                Object {
                                                  "text": "X",
                                                },
                                                Object {
                                                  "text": "DEL",
                                                },
                                              ]
                        }
            />
            <CalcButtonArray
                        defaultHandler={[Function]}
                        keyPrefix="calc-1"
                        symbols={
                                    Array [
                                                Object {
                                                  "text": "7",
                                                },
                                                Object {
                                                  "text": "8",
                                                },
                                                Object {
                                                  "text": "9",
                                                },
                                                Object {
                                                  "text": "-",
                                                },
                                              ]
                        }
            />
            <CalcButtonArray
                        defaultHandler={[Function]}
                        keyPrefix="calc-2"
                        symbols={
                                    Array [
                                                Object {
                                                  "text": "4",
                                                },
                                                Object {
                                                  "text": "5",
                                                },
                                                Object {
                                                  "text": "6",
                                                },
                                                Object {
                                                  "text": "+",
                                                },
                                              ]
                        }
            />
            <CalcButtonArray
                        defaultHandler={[Function]}
                        keyPrefix="calc-3"
                        symbols={
                                    Array [
                                                Object {
                                                  "text": "1",
                                                },
                                                Object {
                                                  "text": "2",
                                                },
                                                Object {
                                                  "text": "3",
                                                },
                                                Object {
                                                  "text": "=",
                                                },
                                              ]
                        }
            />
            <CalcButtonArray
                        defaultHandler={[Function]}
                        keyPrefix="calc-4"
                        symbols={
                                    Array [
                                                Object {
                                                  "text": "%",
                                                },
                                                Object {
                                                  "text": "0",
                                                },
                                                Object {
                                                  "text": ".",
                                                },
                                                Object {
                                                  "text": "√",
                                                },
                                              ]
                        }
            />
</div>,
        ],
      },
      "ref": null,
      "rendered": Array [
        Object {
          "instance": null,
          "key": undefined,
          "nodeType": "function",
          "props": Object {
            "buffer": "",
            "onChange": [Function],
            "total": undefined,
          },
          "ref": null,
          "rendered": null,
          "type": [Function],
        },
        Object {
          "instance": null,
          "key": undefined,
          "nodeType": "host",
          "props": Object {
            "children": Array [
              <CalcButtonArray
                defaultHandler={[Function]}
                keyPrefix="calc-0"
                symbols={
                                Array [
                                                Object {
                                                  "text": "C",
                                                },
                                                Object {
                                                  "text": "/",
                                                },
                                                Object {
                                                  "text": "X",
                                                },
                                                Object {
                                                  "text": "DEL",
                                                },
                                              ]
                }
/>,
              <CalcButtonArray
                defaultHandler={[Function]}
                keyPrefix="calc-1"
                symbols={
                                Array [
                                                Object {
                                                  "text": "7",
                                                },
                                                Object {
                                                  "text": "8",
                                                },
                                                Object {
                                                  "text": "9",
                                                },
                                                Object {
                                                  "text": "-",
                                                },
                                              ]
                }
/>,
              <CalcButtonArray
                defaultHandler={[Function]}
                keyPrefix="calc-2"
                symbols={
                                Array [
                                                Object {
                                                  "text": "4",
                                                },
                                                Object {
                                                  "text": "5",
                                                },
                                                Object {
                                                  "text": "6",
                                                },
                                                Object {
                                                  "text": "+",
                                                },
                                              ]
                }
/>,
              <CalcButtonArray
                defaultHandler={[Function]}
                keyPrefix="calc-3"
                symbols={
                                Array [
                                                Object {
                                                  "text": "1",
                                                },
                                                Object {
                                                  "text": "2",
                                                },
                                                Object {
                                                  "text": "3",
                                                },
                                                Object {
                                                  "text": "=",
                                                },
                                              ]
                }
/>,
              <CalcButtonArray
                defaultHandler={[Function]}
                keyPrefix="calc-4"
                symbols={
                                Array [
                                                Object {
                                                  "text": "%",
                                                },
                                                Object {
                                                  "text": "0",
                                                },
                                                Object {
                                                  "text": ".",
                                                },
                                                Object {
                                                  "text": "√",
                                                },
                                              ]
                }
/>,
            ],
          },
          "ref": null,
          "rendered": Array [
            Object {
              "instance": null,
              "key": undefined,
              "nodeType": "function",
              "props": Object {
                "defaultHandler": [Function],
                "keyPrefix": "calc-0",
                "symbols": Array [
                  Object {
                    "text": "C",
                  },
                  Object {
                    "text": "/",
                  },
                  Object {
                    "text": "X",
                  },
                  Object {
                    "text": "DEL",
                  },
                ],
              },
              "ref": null,
              "rendered": null,
              "type": [Function],
            },
            Object {
              "instance": null,
              "key": undefined,
              "nodeType": "function",
              "props": Object {
                "defaultHandler": [Function],
                "keyPrefix": "calc-1",
                "symbols": Array [
                  Object {
                    "text": "7",
                  },
                  Object {
                    "text": "8",
                  },
                  Object {
                    "text": "9",
                  },
                  Object {
                    "text": "-",
                  },
                ],
              },
              "ref": null,
              "rendered": null,
              "type": [Function],
            },
            Object {
              "instance": null,
              "key": undefined,
              "nodeType": "function",
              "props": Object {
                "defaultHandler": [Function],
                "keyPrefix": "calc-2",
                "symbols": Array [
                  Object {
                    "text": "4",
                  },
                  Object {
                    "text": "5",
                  },
                  Object {
                    "text": "6",
                  },
                  Object {
                    "text": "+",
                  },
                ],
              },
              "ref": null,
              "rendered": null,
              "type": [Function],
            },
            Object {
              "instance": null,
              "key": undefined,
              "nodeType": "function",
              "props": Object {
                "defaultHandler": [Function],
                "keyPrefix": "calc-3",
                "symbols": Array [
                  Object {
                    "text": "1",
                  },
                  Object {
                    "text": "2",
                  },
                  Object {
                    "text": "3",
                  },
                  Object {
                    "text": "=",
                  },
                ],
              },
              "ref": null,
              "rendered": null,
              "type": [Function],
            },
            Object {
              "instance": null,
              "key": undefined,
              "nodeType": "function",
              "props": Object {
                "defaultHandler": [Function],
                "keyPrefix": "calc-4",
                "symbols": Array [
                  Object {
                    "text": "%",
                  },
                  Object {
                    "text": "0",
                  },
                  Object {
                    "text": ".",
                  },
                  Object {
                    "text": "√",
                  },
                ],
              },
              "ref": null,
              "rendered": null,
              "type": [Function],
            },
          ],
          "type": "div",
        },
      ],
      "type": "div",
    },
  ],
  Symbol(enzyme.__options__): Object {
    "adapter": ReactSixteenAdapter {
      "options": Object {
        "enableComponentDidUpdateOnSetState": true,
        "lifecycles": Object {
          "componentDidUpdate": Object {
            "onSetState": true,
          },
          "getDerivedStateFromProps": true,
          "getSnapshotBeforeUpdate": true,
          "setState": Object {
            "skipsComponentDidUpdateOnNullish": true,
          },
        },
      },
    },
    "attachTo": undefined,
    "hydrateIn": undefined,
  },
}
`;
