// Jest Snapshot v1, https://goo.gl/fbAQLP

exports[`<CalcButton /> should match the snapshot 1`] = `
ShallowWrapper {
  Symbol(enzyme.__root__): [Circular],
  Symbol(enzyme.__unrendered__): <CalcButtonArray
    defaultHandler={[Function]}
    keyPrefix="calc-1"
    symbols={
        Array [
            Object {
              "onClick": [Function],
              "text": "+",
            },
            Object {
              "onClick": [Function],
              "text": "-",
            },
            Object {
              "onClick": [Function],
              "text": "=",
            },
          ]
    }
/>,
  Symbol(enzyme.__renderer__): Object {
    "batchedUpdates": [Function],
    "getNode": [Function],
    "render": [Function],
    "simulateError": [Function],
    "simulateEvent": [Function],
    "unmount": [Function],
  },
  Symbol(enzyme.__node__): Object {
    "instance": null,
    "key": undefined,
    "nodeType": "host",
    "props": Object {
      "children": Array [
        <button
          onClick={[Function]}
>
          +
</button>,
        <button
          onClick={[Function]}
>
          -
</button>,
        <button
          onClick={[Function]}
>
          =
</button>,
      ],
      "className": undefined,
    },
    "ref": null,
    "rendered": Array [
      Object {
        "instance": null,
        "key": "calc-1-+",
        "nodeType": "host",
        "props": Object {
          "children": "+",
          "onClick": [Function],
        },
        "ref": null,
        "rendered": "+",
        "type": "button",
      },
      Object {
        "instance": null,
        "key": "calc-1--",
        "nodeType": "host",
        "props": Object {
          "children": "-",
          "onClick": [Function],
        },
        "ref": null,
        "rendered": "-",
        "type": "button",
      },
      Object {
        "instance": null,
        "key": "calc-1-=",
        "nodeType": "host",
        "props": Object {
          "children": "=",
          "onClick": [Function],
        },
        "ref": null,
        "rendered": "=",
        "type": "button",
      },
    ],
    "type": "div",
  },
  Symbol(enzyme.__nodes__): Array [
    Object {
      "instance": null,
      "key": undefined,
      "nodeType": "host",
      "props": Object {
        "children": Array [
          <button
            onClick={[Function]}
>
            +
</button>,
          <button
            onClick={[Function]}
>
            -
</button>,
          <button
            onClick={[Function]}
>
            =
</button>,
        ],
        "className": undefined,
      },
      "ref": null,
      "rendered": Array [
        Object {
          "instance": null,
          "key": "calc-1-+",
          "nodeType": "host",
          "props": Object {
            "children": "+",
            "onClick": [Function],
          },
          "ref": null,
          "rendered": "+",
          "type": "button",
        },
        Object {
          "instance": null,
          "key": "calc-1--",
          "nodeType": "host",
          "props": Object {
            "children": "-",
            "onClick": [Function],
          },
          "ref": null,
          "rendered": "-",
          "type": "button",
        },
        Object {
          "instance": null,
          "key": "calc-1-=",
          "nodeType": "host",
          "props": Object {
            "children": "=",
            "onClick": [Function],
          },
          "ref": null,
          "rendered": "=",
          "type": "button",
        },
      ],
      "type": "div",
    },
  ],
  Symbol(enzyme.__options__): Object {
    "adapter": ReactSixteenAdapter {
      "options": Object {
        "enableComponentDidUpdateOnSetState": true,
        "lifecycles": Object {
          "componentDidUpdate": Object {
            "onSetState": true,
          },
          "getDerivedStateFromProps": true,
          "getSnapshotBeforeUpdate": true,
          "setState": Object {
            "skipsComponentDidUpdateOnNullish": true,
          },
        },
      },
    },
    "attachTo": undefined,
    "hydrateIn": undefined,
  },
}
`;
